<?xml version="1.0" encoding="utf-8"?>
<TestRun id="f0a1577b-9272-4c1a-baa9-7ad25aa33ab6" name="sadra@LEN019 2026-05-27 10:32:03" runUser="AMRISTAR\sadra" xmlns="http://microsoft.com/schemas/VisualStudio/TeamTest/2010">
  <Times creation="2026-05-27T10:32:03.2173021+08:00" queuing="2026-05-27T10:32:03.2173027+08:00" start="2026-05-27T10:32:00.3737705+08:00" finish="2026-05-27T10:32:06.3797598+08:00" />
  <TestSettings name="default" id="6e4e8026-b366-443f-b5d2-865c1c790487">
    <Deployment runDeploymentRoot="sadra_LEN019_2026-05-27_10_32_03" />
  </TestSettings>
  <Results>
    <UnitTestResult executionId="8c7210b8-fda2-4ea4-b4a1-c72ac1061461" testId="c893e179-211a-96fb-f97c-df2f6f2a5c6d" testName="Appilico.Market.UnitTests.Providers.ProviderServiceTests.ClaimListing_NonExistentProvider_Fails" computerName="LEN019" duration="00:00:00.0038594" startTime="2026-05-27T10:32:06.2801573+08:00" endTime="2026-05-27T10:32:06.2801577+08:00" testType="13cdc9d9-ddb5-4fa4-a97d-d965ccfc6d4b" outcome="Passed" testListId="8c84fa94-04c1-424b-9868-57a2d4851a1d" relativeResultsDirectory="8c7210b8-fda2-4ea4-b4a1-c72ac1061461" />
    <UnitTestResult executionId="3dcc22ea-86b6-4a7b-bc29-c18a1bbff5e3" testId="e50ababe-972f-09cf-5260-491263c7ae32" testName="Appilico.Market.UnitTests.Providers.ProviderServiceTests.Search_ReturnsOnlyApprovedProviders" computerName="LEN019" duration="00:00:00.0052671" startTime="2026-05-27T10:32:06.2976649+08:00" endTime="2026-05-27T10:32:06.2976653+08:00" testType="13cdc9d9-ddb5-4fa4-a97d-d965ccfc6d4b" outcome="Passed" testListId="8c84fa94-04c1-424b-9868-57a2d4851a1d" relativeResultsDirectory="3dcc22ea-86b6-4a7b-bc29-c18a1bbff5e3" />
    <UnitTestResult executionId="df1e7221-9103-49b7-b058-ba181956e573" testId="cacf15cf-e004-8620-156a-73b945809332" testName="Appilico.Market.UnitTests.Providers.ProviderServiceTests.GetBySlug_ReturnsClaimStatus" computerName="LEN019" duration="00:00:00.0349537" startTime="2026-05-27T10:32:05.6209669+08:00" endTime="2026-05-27T10:32:05.6209673+08:00" testType="13cdc9d9-ddb5-4fa4-a97d-d965ccfc6d4b" outcome="Passed" testListId="8c84fa94-04c1-424b-9868-57a2d4851a1d" relativeResultsDirectory="df1e7221-9103-49b7-b058-ba181956e573" />
    <UnitTestResult executionId="66d42f74-246b-432f-913a-b5686ac66d6c" testId="29263ac4-300b-aebb-b0b9-01eecb26fb1c" testName="Appilico.Market.UnitTests.Providers.ProviderServiceTests.ClaimListing_UnclaimedProvider_Succeeds" computerName="LEN019" duration="00:00:00.0044999" startTime="2026-05-27T10:32:06.1514775+08:00" endTime="2026-05-27T10:32:06.1514782+08:00" testType="13cdc9d9-ddb5-4fa4-a97d-d965ccfc6d4b" outcome="Passed" testListId="8c84fa94-04c1-424b-9868-57a2d4851a1d" relativeResultsDirectory="66d42f74-246b-432f-913a-b5686ac66d6c" />
    <UnitTestResult executionId="58cc56d3-fb31-42ea-b6e2-5780f4510e67" testId="c8c54a1a-1e43-8ba5-e024-f8bef9de57a7" testName="Appilico.Market.UnitTests.Providers.ProviderServiceTests.Search_ByCity_FiltersCorrectly" computerName="LEN019" duration="00:00:00.0958080" startTime="2026-05-27T10:32:06.0683625+08:00" endTime="2026-05-27T10:32:06.0683646+08:00" testType="13cdc9d9-ddb5-4fa4-a97d-d965ccfc6d4b" outcome="Passed" testListId="8c84fa94-04c1-424b-9868-57a2d4851a1d" relativeResultsDirectory="58cc56d3-fb31-42ea-b6e2-5780f4510e67" />
    <UnitTestResult executionId="739e2da5-d562-4a12-9836-8d7df0ff322a" testId="73305631-6195-da36-41c0-5799eea51f48" testName="Appilico.Market.UnitTests.Providers.ProviderServiceTests.Search_BySearchTerm_FiltersCorrectly" computerName="LEN019" duration="00:00:00.2150349" startTime="2026-05-27T10:32:05.8465307+08:00" endTime="2026-05-27T10:32:05.8465314+08:00" testType="13cdc9d9-ddb5-4fa4-a97d-d965ccfc6d4b" outcome="Passed" testListId="8c84fa94-04c1-424b-9868-57a2d4851a1d" relativeResultsDirectory="739e2da5-d562-4a12-9836-8d7df0ff322a" />
    <UnitTestResult executionId="74eaf542-68db-4f51-99e0-d5f7688294e9" testId="d6bae9f8-a0b4-ccf3-4182-64d6f1c52c90" testName="Appilico.Market.UnitTests.UnitTest1.Test1" computerName="LEN019" duration="00:00:00.0019906" startTime="2026-05-27T10:32:02.9172356+08:00" endTime="2026-05-27T10:32:02.9172718+08:00" testType="13cdc9d9-ddb5-4fa4-a97d-d965ccfc6d4b" outcome="Passed" testListId="8c84fa94-04c1-424b-9868-57a2d4851a1d" relativeResultsDirectory="74eaf542-68db-4f51-99e0-d5f7688294e9" />
    <UnitTestResult executionId="0b5ec946-794d-471f-bd40-9c220e6b5814" testId="e3f0213d-bb26-3a1f-e2dd-b5941eb622ba" testName="Appilico.Market.UnitTests.Providers.ProviderServiceTests.Search_ListDto_IncludesCategories" computerName="LEN019" duration="00:00:00.0077300" startTime="2026-05-27T10:32:05.8769282+08:00" endTime="2026-05-27T10:32:05.8769288+08:00" testType="13cdc9d9-ddb5-4fa4-a97d-d965ccfc6d4b" outcome="Passed" testListId="8c84fa94-04c1-424b-9868-57a2d4851a1d" relativeResultsDirectory="0b5ec946-794d-471f-bd40-9c220e6b5814" />
    <UnitTestResult executionId="eeac429d-8b3f-4b2c-ad1e-38163af4da9a" testId="5f0e7425-3397-1783-3759-dd73e517248a" testName="Appilico.Market.UnitTests.Admin.AdminOperationalServiceTests.PublicReviews_CanSubmitMultipleAnonymousReviewsForSameProvider" computerName="LEN019" duration="00:00:00.0384821" startTime="2026-05-27T10:32:05.8270627+08:00" endTime="2026-05-27T10:32:05.8270632+08:00" testType="13cdc9d9-ddb5-4fa4-a97d-d965ccfc6d4b" outcome="Passed" testListId="8c84fa94-04c1-424b-9868-57a2d4851a1d" relativeResultsDirectory="eeac429d-8b3f-4b2c-ad1e-38163af4da9a" />
    <UnitTestResult executionId="dc7ec8b9-ecff-4660-a5ae-73b3d6340dea" testId="eb3ba2a7-f6f0-aab6-6f2d-06bb84cd55c8" testName="Appilico.Market.UnitTests.Admin.AdminOperationalServiceTests.ReviewAdminList_FiltersByStatusAndIncludesProviderName" computerName="LEN019" duration="00:00:02.6863804" startTime="2026-05-27T10:32:05.5946910+08:00" endTime="2026-05-27T10:32:05.5946916+08:00" testType="13cdc9d9-ddb5-4fa4-a97d-d965ccfc6d4b" outcome="Passed" testListId="8c84fa94-04c1-424b-9868-57a2d4851a1d" relativeResultsDirectory="dc7ec8b9-ecff-4660-a5ae-73b3d6340dea" />
    <UnitTestResult executionId="9b53b27c-d414-41fc-a587-8668af3c8a06" testId="d3b9a468-89c4-82c5-3115-c6f7c633bfe4" testName="Appilico.Market.UnitTests.Providers.ProviderServiceTests.GetBySlug_ExistingProvider_ReturnsSuccess" computerName="LEN019" duration="00:00:00.0066635" startTime="2026-05-27T10:32:06.2870340+08:00" endTime="2026-05-27T10:32:06.2870346+08:00" testType="13cdc9d9-ddb5-4fa4-a97d-d965ccfc6d4b" outcome="Passed" testListId="8c84fa94-04c1-424b-9868-57a2d4851a1d" relativeResultsDirectory="9b53b27c-d414-41fc-a587-8668af3c8a06" />
    <UnitTestResult executionId="552a15df-c780-4d3f-a648-bd3a21e28e27" testId="c7aec621-622d-43cc-4f8b-92e070d66439" testName="Appilico.Market.UnitTests.Providers.ProviderServiceTests.GetBySlug_ReturnsServices" computerName="LEN019" duration="00:00:00.0063007" startTime="2026-05-27T10:32:05.6274865+08:00" endTime="2026-05-27T10:32:05.6274870+08:00" testType="13cdc9d9-ddb5-4fa4-a97d-d965ccfc6d4b" outcome="Passed" testListId="8c84fa94-04c1-424b-9868-57a2d4851a1d" relativeResultsDirectory="552a15df-c780-4d3f-a648-bd3a21e28e27" />
    <UnitTestResult executionId="a08c0345-b3c4-437c-b0f8-6848869b37a4" testId="2b1328ac-b3bf-1aa1-00d6-457d80e55a2c" testName="Appilico.Market.UnitTests.Admin.AdminOperationalServiceTests.DashboardStats_ReturnsOperationalCounts" computerName="LEN019" duration="00:00:00.1935012" startTime="2026-05-27T10:32:05.7883855+08:00" endTime="2026-05-27T10:32:05.7883861+08:00" testType="13cdc9d9-ddb5-4fa4-a97d-d965ccfc6d4b" outcome="Passed" testListId="8c84fa94-04c1-424b-9868-57a2d4851a1d" relativeResultsDirectory="a08c0345-b3c4-437c-b0f8-6848869b37a4" />
    <UnitTestResult executionId="ac16ce9a-774f-4e62-8cf1-1a4778aeb08c" testId="b97c3acc-f647-3140-55f5-d2fd6377c720" testName="Appilico.Market.UnitTests.Providers.ProviderServiceTests.Search_Pagination_WorksCorrectly" computerName="LEN019" duration="00:00:00.0949871" startTime="2026-05-27T10:32:05.9722235+08:00" endTime="2026-05-27T10:32:05.9722244+08:00" testType="13cdc9d9-ddb5-4fa4-a97d-d965ccfc6d4b" outcome="Passed" testListId="8c84fa94-04c1-424b-9868-57a2d4851a1d" relativeResultsDirectory="ac16ce9a-774f-4e62-8cf1-1a4778aeb08c" />
    <UnitTestResult executionId="9c240f5a-815d-4de2-a1df-1c0b93ea8ceb" testId="00f23ad1-e98e-35f9-8ab8-0d93d6018196" testName="Appilico.Market.UnitTests.Providers.ProviderImportServiceTests.ImportAsync_ExistingSlug_UpdatesProviderWithoutCreatingDuplicate" computerName="LEN019" duration="00:00:02.6956975" startTime="2026-05-27T10:32:05.6040248+08:00" endTime="2026-05-27T10:32:05.6040256+08:00" testType="13cdc9d9-ddb5-4fa4-a97d-d965ccfc6d4b" outcome="Passed" testListId="8c84fa94-04c1-424b-9868-57a2d4851a1d" relativeResultsDirectory="9c240f5a-815d-4de2-a1df-1c0b93ea8ceb" />
    <UnitTestResult executionId="5fbbd04f-e23f-40df-9da1-c1608079a6f1" testId="0dda09b7-d992-5131-00a3-be02ea7901c5" testName="Appilico.Market.UnitTests.Providers.ProviderServiceTests.Search_SortByRating_OrdersCorrectly" computerName="LEN019" duration="00:00:00.0782355" startTime="2026-05-27T10:32:06.1467757+08:00" endTime="2026-05-27T10:32:06.1467762+08:00" testType="13cdc9d9-ddb5-4fa4-a97d-d965ccfc6d4b" outcome="Passed" testListId="8c84fa94-04c1-424b-9868-57a2d4851a1d" relativeResultsDirectory="5fbbd04f-e23f-40df-9da1-c1608079a6f1" />
    <UnitTestResult executionId="3d94b688-4c27-411e-a125-961ec87eade3" testId="9f17dc4e-7162-9017-8cd1-d70deddce983" testName="Appilico.Market.UnitTests.Providers.ProviderServiceTests.GetBySlug_ReturnsExternalLinks" computerName="LEN019" duration="00:00:02.6774060" startTime="2026-05-27T10:32:05.5858598+08:00" endTime="2026-05-27T10:32:05.5860358+08:00" testType="13cdc9d9-ddb5-4fa4-a97d-d965ccfc6d4b" outcome="Passed" testListId="8c84fa94-04c1-424b-9868-57a2d4851a1d" relativeResultsDirectory="3d94b688-4c27-411e-a125-961ec87eade3" />
    <UnitTestResult executionId="9e379f53-ebc8-41db-96a7-dff159b90c1d" testId="3aee60fa-d480-bfac-8d0f-39d06677ed75" testName="Appilico.Market.UnitTests.Providers.ProviderServiceTests.Search_Featured_ReturnsOnlyFeatured" computerName="LEN019" duration="00:00:00.1245294" startTime="2026-05-27T10:32:06.2761639+08:00" endTime="2026-05-27T10:32:06.2761646+08:00" testType="13cdc9d9-ddb5-4fa4-a97d-d965ccfc6d4b" outcome="Passed" testListId="8c84fa94-04c1-424b-9868-57a2d4851a1d" relativeResultsDirectory="9e379f53-ebc8-41db-96a7-dff159b90c1d" />
    <UnitTestResult executionId="d0f4b640-6b58-4386-995a-ff5641c0b861" testId="c41b7287-a754-bbd9-8d99-74ea98d7007e" testName="Appilico.Market.UnitTests.Providers.ProviderImportServiceTests.PreviewAsync_MissingSourceAndContact_ReturnsValidationIssues" computerName="LEN019" duration="00:00:00.0035557" startTime="2026-05-27T10:32:05.6795857+08:00" endTime="2026-05-27T10:32:05.6795861+08:00" testType="13cdc9d9-ddb5-4fa4-a97d-d965ccfc6d4b" outcome="Passed" testListId="8c84fa94-04c1-424b-9868-57a2d4851a1d" relativeResultsDirectory="d0f4b640-6b58-4386-995a-ff5641c0b861" />
    <UnitTestResult executionId="56eb13cd-90e3-44a8-8d43-88402fc2b177" testId="9bdd241a-ecaf-bbab-4129-79daa0ebe8bb" testName="Appilico.Market.UnitTests.Providers.ProviderServiceTests.GetBySlug_MapsAllDtoFieldsCorrectly" computerName="LEN019" duration="00:00:00.0050670" startTime="2026-05-27T10:32:06.2922702+08:00" endTime="2026-05-27T10:32:06.2922705+08:00" testType="13cdc9d9-ddb5-4fa4-a97d-d965ccfc6d4b" outcome="Passed" testListId="8c84fa94-04c1-424b-9868-57a2d4851a1d" relativeResultsDirectory="56eb13cd-90e3-44a8-8d43-88402fc2b177" />
    <UnitTestResult executionId="1ac26162-1030-471c-9d2b-11f51ccc807e" testId="8ca74d11-90ee-2ba5-ed82-f95ac98f11fc" testName="Appilico.Market.UnitTests.Providers.ProviderImportServiceTests.ImportAsync_ValidRow_CreatesPendingRealProviderWithServicesAndArea" computerName="LEN019" duration="00:00:00.0716913" startTime="2026-05-27T10:32:05.6759381+08:00" endTime="2026-05-27T10:32:05.6759386+08:00" testType="13cdc9d9-ddb5-4fa4-a97d-d965ccfc6d4b" outcome="Passed" testListId="8c84fa94-04c1-424b-9868-57a2d4851a1d" relativeResultsDirectory="1ac26162-1030-471c-9d2b-11f51ccc807e" />
    <UnitTestResult executionId="ed324499-863a-478a-b413-559181a2f644" testId="ec3e47f0-501d-471d-921b-da2fb36b273b" testName="Appilico.Market.UnitTests.Providers.ProviderServiceTests.ClaimListing_AlreadyClaimed_Fails" computerName="LEN019" duration="00:00:00.0222915" startTime="2026-05-27T10:32:05.8690218+08:00" endTime="2026-05-27T10:32:05.8690222+08:00" testType="13cdc9d9-ddb5-4fa4-a97d-d965ccfc6d4b" outcome="Passed" testListId="8c84fa94-04c1-424b-9868-57a2d4851a1d" relativeResultsDirectory="ed324499-863a-478a-b413-559181a2f644" />
    <UnitTestResult executionId="b6e34fc7-0cb7-4754-9181-0d6799399ff6" testId="8a2713da-2f52-b8d3-0ea9-9bdb00aa25dc" testName="Appilico.Market.UnitTests.Providers.ProviderServiceTests.GetBySlug_NonExistentProvider_ReturnsFail" computerName="LEN019" duration="00:00:00.0037150" startTime="2026-05-27T10:32:05.6313690+08:00" endTime="2026-05-27T10:32:05.6313695+08:00" testType="13cdc9d9-ddb5-4fa4-a97d-d965ccfc6d4b" outcome="Passed" testListId="8c84fa94-04c1-424b-9868-57a2d4851a1d" relativeResultsDirectory="b6e34fc7-0cb7-4754-9181-0d6799399ff6" />
  </Results>
  <TestDefinitions>
    <UnitTest name="Appilico.Market.UnitTests.Providers.ProviderServiceTests.Search_Pagination_WorksCorrectly" storage="c:\myworkspace\appilico\market\backend\tests\appilico.market.unittests\bin\debug\net8.0\appilico.market.unittests.dll" id="b97c3acc-f647-3140-55f5-d2fd6377c720">
      <Execution id="ac16ce9a-774f-4e62-8cf1-1a4778aeb08c" />
      <TestMethod codeBase="C:\MyWorkspace\Appilico\Market\backend\tests\Appilico.Market.UnitTests\bin\Debug\net8.0\Appilico.Market.UnitTests.dll" adapterTypeName="executor://xunit/VsTestRunner2/netcoreapp" className="Appilico.Market.UnitTests.Providers.ProviderServiceTests" name="Search_Pagination_WorksCorrectly" />
    </UnitTest>
    <UnitTest name="Appilico.Market.UnitTests.Providers.ProviderServiceTests.Search_ListDto_IncludesCategories" storage="c:\myworkspace\appilico\market\backend\tests\appilico.market.unittests\bin\debug\net8.0\appilico.market.unittests.dll" id="e3f0213d-bb26-3a1f-e2dd-b5941eb622ba">
      <Execution id="0b5ec946-794d-471f-bd40-9c220e6b5814" />
      <TestMethod codeBase="C:\MyWorkspace\Appilico\Market\backend\tests\Appilico.Market.UnitTests\bin\Debug\net8.0\Appilico.Market.UnitTests.dll" adapterTypeName="executor://xunit/VsTestRunner2/netcoreapp" className="Appilico.Market.UnitTests.Providers.ProviderServiceTests" name="Search_ListDto_IncludesCategories" />
    </UnitTest>
    <UnitTest name="Appilico.Market.UnitTests.Providers.ProviderImportServiceTests.PreviewAsync_MissingSourceAndContact_ReturnsValidationIssues" storage="c:\myworkspace\appilico\market\backend\tests\appilico.market.unittests\bin\debug\net8.0\appilico.market.unittests.dll" id="c41b7287-a754-bbd9-8d99-74ea98d7007e">
      <Execution id="d0f4b640-6b58-4386-995a-ff5641c0b861" />
      <TestMethod codeBase="C:\MyWorkspace\Appilico\Market\backend\tests\Appilico.Market.UnitTests\bin\Debug\net8.0\Appilico.Market.UnitTests.dll" adapterTypeName="executor://xunit/VsTestRunner2/netcoreapp" className="Appilico.Market.UnitTests.Providers.ProviderImportServiceTests" name="PreviewAsync_MissingSourceAndContact_ReturnsValidationIssues" />
    </UnitTest>
    <UnitTest name="Appilico.Market.UnitTests.Providers.ProviderServiceTests.Search_ReturnsOnlyApprovedProviders" storage="c:\myworkspace\appilico\market\backend\tests\appilico.market.unittests\bin\debug\net8.0\appilico.market.unittests.dll" id="e50ababe-972f-09cf-5260-491263c7ae32">
      <Execution id="3dcc22ea-86b6-4a7b-bc29-c18a1bbff5e3" />
      <TestMethod codeBase="C:\MyWorkspace\Appilico\Market\backend\tests\Appilico.Market.UnitTests\bin\Debug\net8.0\Appilico.Market.UnitTests.dll" adapterTypeName="executor://xunit/VsTestRunner2/netcoreapp" className="Appilico.Market.UnitTests.Providers.ProviderServiceTests" name="Search_ReturnsOnlyApprovedProviders" />
    </UnitTest>
    <UnitTest name="Appilico.Market.UnitTests.Providers.ProviderServiceTests.GetBySlug_ReturnsExternalLinks" storage="c:\myworkspace\appilico\market\backend\tests\appilico.market.unittests\bin\debug\net8.0\appilico.market.unittests.dll" id="9f17dc4e-7162-9017-8cd1-d70deddce983">
      <Execution id="3d94b688-4c27-411e-a125-961ec87eade3" />
      <TestMethod codeBase="C:\MyWorkspace\Appilico\Market\backend\tests\Appilico.Market.UnitTests\bin\Debug\net8.0\Appilico.Market.UnitTests.dll" adapterTypeName="executor://xunit/VsTestRunner2/netcoreapp" className="Appilico.Market.UnitTests.Providers.ProviderServiceTests" name="GetBySlug_ReturnsExternalLinks" />
    </UnitTest>
    <UnitTest name="Appilico.Market.UnitTests.Providers.ProviderServiceTests.GetBySlug_ReturnsServices" storage="c:\myworkspace\appilico\market\backend\tests\appilico.market.unittests\bin\debug\net8.0\appilico.market.unittests.dll" id="c7aec621-622d-43cc-4f8b-92e070d66439">
      <Execution id="552a15df-c780-4d3f-a648-bd3a21e28e27" />
      <TestMethod codeBase="C:\MyWorkspace\Appilico\Market\backend\tests\Appilico.Market.UnitTests\bin\Debug\net8.0\Appilico.Market.UnitTests.dll" adapterTypeName="executor://xunit/VsTestRunner2/netcoreapp" className="Appilico.Market.UnitTests.Providers.ProviderServiceTests" name="GetBySlug_ReturnsServices" />
    </UnitTest>
    <UnitTest name="Appilico.Market.UnitTests.Providers.ProviderServiceTests.GetBySlug_ReturnsClaimStatus" storage="c:\myworkspace\appilico\market\backend\tests\appilico.market.unittests\bin\debug\net8.0\appilico.market.unittests.dll" id="cacf15cf-e004-8620-156a-73b945809332">
      <Execution id="df1e7221-9103-49b7-b058-ba181956e573" />
      <TestMethod codeBase="C:\MyWorkspace\Appilico\Market\backend\tests\Appilico.Market.UnitTests\bin\Debug\net8.0\Appilico.Market.UnitTests.dll" adapterTypeName="executor://xunit/VsTestRunner2/netcoreapp" className="Appilico.Market.UnitTests.Providers.ProviderServiceTests" name="GetBySlug_ReturnsClaimStatus" />
    </UnitTest>
    <UnitTest name="Appilico.Market.UnitTests.Providers.ProviderServiceTests.Search_SortByRating_OrdersCorrectly" storage="c:\myworkspace\appilico\market\backend\tests\appilico.market.unittests\bin\debug\net8.0\appilico.market.unittests.dll" id="0dda09b7-d992-5131-00a3-be02ea7901c5">
      <Execution id="5fbbd04f-e23f-40df-9da1-c1608079a6f1" />
      <TestMethod codeBase="C:\MyWorkspace\Appilico\Market\backend\tests\Appilico.Market.UnitTests\bin\Debug\net8.0\Appilico.Market.UnitTests.dll" adapterTypeName="executor://xunit/VsTestRunner2/netcoreapp" className="Appilico.Market.UnitTests.Providers.ProviderServiceTests" name="Search_SortByRating_OrdersCorrectly" />
    </UnitTest>
    <UnitTest name="Appilico.Market.UnitTests.Admin.AdminOperationalServiceTests.DashboardStats_ReturnsOperationalCounts" storage="c:\myworkspace\appilico\market\backend\tests\appilico.market.unittests\bin\debug\net8.0\appilico.market.unittests.dll" id="2b1328ac-b3bf-1aa1-00d6-457d80e55a2c">
      <Execution id="a08c0345-b3c4-437c-b0f8-6848869b37a4" />
      <TestMethod codeBase="C:\MyWorkspace\Appilico\Market\backend\tests\Appilico.Market.UnitTests\bin\Debug\net8.0\Appilico.Market.UnitTests.dll" adapterTypeName="executor://xunit/VsTestRunner2/netcoreapp" className="Appilico.Market.UnitTests.Admin.AdminOperationalServiceTests" name="DashboardStats_ReturnsOperationalCounts" />
    </UnitTest>
    <UnitTest name="Appilico.Market.UnitTests.Providers.ProviderServiceTests.GetBySlug_ExistingProvider_ReturnsSuccess" storage="c:\myworkspace\appilico\market\backend\tests\appilico.market.unittests\bin\debug\net8.0\appilico.market.unittests.dll" id="d3b9a468-89c4-82c5-3115-c6f7c633bfe4">
      <Execution id="9b53b27c-d414-41fc-a587-8668af3c8a06" />
      <TestMethod codeBase="C:\MyWorkspace\Appilico\Market\backend\tests\Appilico.Market.UnitTests\bin\Debug\net8.0\Appilico.Market.UnitTests.dll" adapterTypeName="executor://xunit/VsTestRunner2/netcoreapp" className="Appilico.Market.UnitTests.Providers.ProviderServiceTests" name="GetBySlug_ExistingProvider_ReturnsSuccess" />
    </UnitTest>
    <UnitTest name="Appilico.Market.UnitTests.Providers.ProviderServiceTests.Search_BySearchTerm_FiltersCorrectly" storage="c:\myworkspace\appilico\market\backend\tests\appilico.market.unittests\bin\debug\net8.0\appilico.market.unittests.dll" id="73305631-6195-da36-41c0-5799eea51f48">
      <Execution id="739e2da5-d562-4a12-9836-8d7df0ff322a" />
      <TestMethod codeBase="C:\MyWorkspace\Appilico\Market\backend\tests\Appilico.Market.UnitTests\bin\Debug\net8.0\Appilico.Market.UnitTests.dll" adapterTypeName="executor://xunit/VsTestRunner2/netcoreapp" className="Appilico.Market.UnitTests.Providers.ProviderServiceTests" name="Search_BySearchTerm_FiltersCorrectly" />
    </UnitTest>
    <UnitTest name="Appilico.Market.UnitTests.UnitTest1.Test1" storage="c:\myworkspace\appilico\market\backend\tests\appilico.market.unittests\bin\debug\net8.0\appilico.market.unittests.dll" id="d6bae9f8-a0b4-ccf3-4182-64d6f1c52c90">
      <Execution id="74eaf542-68db-4f51-99e0-d5f7688294e9" />
      <TestMethod codeBase="C:\MyWorkspace\Appilico\Market\backend\tests\Appilico.Market.UnitTests\bin\Debug\net8.0\Appilico.Market.UnitTests.dll" adapterTypeName="executor://xunit/VsTestRunner2/netcoreapp" className="Appilico.Market.UnitTests.UnitTest1" name="Test1" />
    </UnitTest>
    <UnitTest name="Appilico.Market.UnitTests.Admin.AdminOperationalServiceTests.PublicReviews_CanSubmitMultipleAnonymousReviewsForSameProvider" storage="c:\myworkspace\appilico\market\backend\tests\appilico.market.unittests\bin\debug\net8.0\appilico.market.unittests.dll" id="5f0e7425-3397-1783-3759-dd73e517248a">
      <Execution id="eeac429d-8b3f-4b2c-ad1e-38163af4da9a" />
      <TestMethod codeBase="C:\MyWorkspace\Appilico\Market\backend\tests\Appilico.Market.UnitTests\bin\Debug\net8.0\Appilico.Market.UnitTests.dll" adapterTypeName="executor://xunit/VsTestRunner2/netcoreapp" className="Appilico.Market.UnitTests.Admin.AdminOperationalServiceTests" name="PublicReviews_CanSubmitMultipleAnonymousReviewsForSameProvider" />
    </UnitTest>
    <UnitTest name="Appilico.Market.UnitTests.Providers.ProviderImportServiceTests.ImportAsync_ExistingSlug_UpdatesProviderWithoutCreatingDuplicate" storage="c:\myworkspace\appilico\market\backend\tests\appilico.market.unittests\bin\debug\net8.0\appilico.market.unittests.dll" id="00f23ad1-e98e-35f9-8ab8-0d93d6018196">
      <Execution id="9c240f5a-815d-4de2-a1df-1c0b93ea8ceb" />
      <TestMethod codeBase="C:\MyWorkspace\Appilico\Market\backend\tests\Appilico.Market.UnitTests\bin\Debug\net8.0\Appilico.Market.UnitTests.dll" adapterTypeName="executor://xunit/VsTestRunner2/netcoreapp" className="Appilico.Market.UnitTests.Providers.ProviderImportServiceTests" name="ImportAsync_ExistingSlug_UpdatesProviderWithoutCreatingDuplicate" />
    </UnitTest>
    <UnitTest name="Appilico.Market.UnitTests.Providers.ProviderServiceTests.GetBySlug_MapsAllDtoFieldsCorrectly" storage="c:\myworkspace\appilico\market\backend\tests\appilico.market.unittests\bin\debug\net8.0\appilico.market.unittests.dll" id="9bdd241a-ecaf-bbab-4129-79daa0ebe8bb">
      <Execution id="56eb13cd-90e3-44a8-8d43-88402fc2b177" />
      <TestMethod codeBase="C:\MyWorkspace\Appilico\Market\backend\tests\Appilico.Market.UnitTests\bin\Debug\net8.0\Appilico.Market.UnitTests.dll" adapterTypeName="executor://xunit/VsTestRunner2/netcoreapp" className="Appilico.Market.UnitTests.Providers.ProviderServiceTests" name="GetBySlug_MapsAllDtoFieldsCorrectly" />
    </UnitTest>
    <UnitTest name="Appilico.Market.UnitTests.Providers.ProviderServiceTests.Search_ByCity_FiltersCorrectly" storage="c:\myworkspace\appilico\market\backend\tests\appilico.market.unittests\bin\debug\net8.0\appilico.market.unittests.dll" id="c8c54a1a-1e43-8ba5-e024-f8bef9de57a7">
      <Execution id="58cc56d3-fb31-42ea-b6e2-5780f4510e67" />
      <TestMethod codeBase="C:\MyWorkspace\Appilico\Market\backend\tests\Appilico.Market.UnitTests\bin\Debug\net8.0\Appilico.Market.UnitTests.dll" adapterTypeName="executor://xunit/VsTestRunner2/netcoreapp" className="Appilico.Market.UnitTests.Providers.ProviderServiceTests" name="Search_ByCity_FiltersCorrectly" />
    </UnitTest>
    <UnitTest name="Appilico.Market.UnitTests.Providers.ProviderServiceTests.GetBySlug_NonExistentProvider_ReturnsFail" storage="c:\myworkspace\appilico\market\backend\tests\appilico.market.unittests\bin\debug\net8.0\appilico.market.unittests.dll" id="8a2713da-2f52-b8d3-0ea9-9bdb00aa25dc">
      <Execution id="b6e34fc7-0cb7-4754-9181-0d6799399ff6" />
      <TestMethod codeBase="C:\MyWorkspace\Appilico\Market\backend\tests\Appilico.Market.UnitTests\bin\Debug\net8.0\Appilico.Market.UnitTests.dll" adapterTypeName="executor://xunit/VsTestRunner2/netcoreapp" className="Appilico.Market.UnitTests.Providers.ProviderServiceTests" name="GetBySlug_NonExistentProvider_ReturnsFail" />
    </UnitTest>
    <UnitTest name="Appilico.Market.UnitTests.Providers.ProviderServiceTests.Search_Featured_ReturnsOnlyFeatured" storage="c:\myworkspace\appilico\market\backend\tests\appilico.market.unittests\bin\debug\net8.0\appilico.market.unittests.dll" id="3aee60fa-d480-bfac-8d0f-39d06677ed75">
      <Execution id="9e379f53-ebc8-41db-96a7-dff159b90c1d" />
      <TestMethod codeBase="C:\MyWorkspace\Appilico\Market\backend\tests\Appilico.Market.UnitTests\bin\Debug\net8.0\Appilico.Market.UnitTests.dll" adapterTypeName="executor://xunit/VsTestRunner2/netcoreapp" className="Appilico.Market.UnitTests.Providers.ProviderServiceTests" name="Search_Featured_ReturnsOnlyFeatured" />
    </UnitTest>
    <UnitTest name="Appilico.Market.UnitTests.Providers.ProviderServiceTests.ClaimListing_UnclaimedProvider_Succeeds" storage="c:\myworkspace\appilico\market\backend\tests\appilico.market.unittests\bin\debug\net8.0\appilico.market.unittests.dll" id="29263ac4-300b-aebb-b0b9-01eecb26fb1c">
      <Execution id="66d42f74-246b-432f-913a-b5686ac66d6c" />
      <TestMethod codeBase="C:\MyWorkspace\Appilico\Market\backend\tests\Appilico.Market.UnitTests\bin\Debug\net8.0\Appilico.Market.UnitTests.dll" adapterTypeName="executor://xunit/VsTestRunner2/netcoreapp" className="Appilico.Market.UnitTests.Providers.ProviderServiceTests" name="ClaimListing_UnclaimedProvider_Succeeds" />
    </UnitTest>
    <UnitTest name="Appilico.Market.UnitTests.Providers.ProviderImportServiceTests.ImportAsync_ValidRow_CreatesPendingRealProviderWithServicesAndArea" storage="c:\myworkspace\appilico\market\backend\tests\appilico.market.unittests\bin\debug\net8.0\appilico.market.unittests.dll" id="8ca74d11-90ee-2ba5-ed82-f95ac98f11fc">
      <Execution id="1ac26162-1030-471c-9d2b-11f51ccc807e" />
      <TestMethod codeBase="C:\MyWorkspace\Appilico\Market\backend\tests\Appilico.Market.UnitTests\bin\Debug\net8.0\Appilico.Market.UnitTests.dll" adapterTypeName="executor://xunit/VsTestRunner2/netcoreapp" className="Appilico.Market.UnitTests.Providers.ProviderImportServiceTests" name="ImportAsync_ValidRow_CreatesPendingRealProviderWithServicesAndArea" />
    </UnitTest>
    <UnitTest name="Appilico.Market.UnitTests.Admin.AdminOperationalServiceTests.ReviewAdminList_FiltersByStatusAndIncludesProviderName" storage="c:\myworkspace\appilico\market\backend\tests\appilico.market.unittests\bin\debug\net8.0\appilico.market.unittests.dll" id="eb3ba2a7-f6f0-aab6-6f2d-06bb84cd55c8">
      <Execution id="dc7ec8b9-ecff-4660-a5ae-73b3d6340dea" />
      <TestMethod codeBase="C:\MyWorkspace\Appilico\Market\backend\tests\Appilico.Market.UnitTests\bin\Debug\net8.0\Appilico.Market.UnitTests.dll" adapterTypeName="executor://xunit/VsTestRunner2/netcoreapp" className="Appilico.Market.UnitTests.Admin.AdminOperationalServiceTests" name="ReviewAdminList_FiltersByStatusAndIncludesProviderName" />
    </UnitTest>
    <UnitTest name="Appilico.Market.UnitTests.Providers.ProviderServiceTests.ClaimListing_NonExistentProvider_Fails" storage="c:\myworkspace\appilico\market\backend\tests\appilico.market.unittests\bin\debug\net8.0\appilico.market.unittests.dll" id="c893e179-211a-96fb-f97c-df2f6f2a5c6d">
      <Execution id="8c7210b8-fda2-4ea4-b4a1-c72ac1061461" />
      <TestMethod codeBase="C:\MyWorkspace\Appilico\Market\backend\tests\Appilico.Market.UnitTests\bin\Debug\net8.0\Appilico.Market.UnitTests.dll" adapterTypeName="executor://xunit/VsTestRunner2/netcoreapp" className="Appilico.Market.UnitTests.Providers.ProviderServiceTests" name="ClaimListing_NonExistentProvider_Fails" />
    </UnitTest>
    <UnitTest name="Appilico.Market.UnitTests.Providers.ProviderServiceTests.ClaimListing_AlreadyClaimed_Fails" storage="c:\myworkspace\appilico\market\backend\tests\appilico.market.unittests\bin\debug\net8.0\appilico.market.unittests.dll" id="ec3e47f0-501d-471d-921b-da2fb36b273b">
      <Execution id="ed324499-863a-478a-b413-559181a2f644" />
      <TestMethod codeBase="C:\MyWorkspace\Appilico\Market\backend\tests\Appilico.Market.UnitTests\bin\Debug\net8.0\Appilico.Market.UnitTests.dll" adapterTypeName="executor://xunit/VsTestRunner2/netcoreapp" className="Appilico.Market.UnitTests.Providers.ProviderServiceTests" name="ClaimListing_AlreadyClaimed_Fails" />
    </UnitTest>
  </TestDefinitions>
  <TestEntries>
    <TestEntry testId="c893e179-211a-96fb-f97c-df2f6f2a5c6d" executionId="8c7210b8-fda2-4ea4-b4a1-c72ac1061461" testListId="8c84fa94-04c1-424b-9868-57a2d4851a1d" />
    <TestEntry testId="e50ababe-972f-09cf-5260-491263c7ae32" executionId="3dcc22ea-86b6-4a7b-bc29-c18a1bbff5e3" testListId="8c84fa94-04c1-424b-9868-57a2d4851a1d" />
    <TestEntry testId="cacf15cf-e004-8620-156a-73b945809332" executionId="df1e7221-9103-49b7-b058-ba181956e573" testListId="8c84fa94-04c1-424b-9868-57a2d4851a1d" />
    <TestEntry testId="29263ac4-300b-aebb-b0b9-01eecb26fb1c" executionId="66d42f74-246b-432f-913a-b5686ac66d6c" testListId="8c84fa94-04c1-424b-9868-57a2d4851a1d" />
    <TestEntry testId="c8c54a1a-1e43-8ba5-e024-f8bef9de57a7" executionId="58cc56d3-fb31-42ea-b6e2-5780f4510e67" testListId="8c84fa94-04c1-424b-9868-57a2d4851a1d" />
    <TestEntry testId="73305631-6195-da36-41c0-5799eea51f48" executionId="739e2da5-d562-4a12-9836-8d7df0ff322a" testListId="8c84fa94-04c1-424b-9868-57a2d4851a1d" />
    <TestEntry testId="d6bae9f8-a0b4-ccf3-4182-64d6f1c52c90" executionId="74eaf542-68db-4f51-99e0-d5f7688294e9" testListId="8c84fa94-04c1-424b-9868-57a2d4851a1d" />
    <TestEntry testId="e3f0213d-bb26-3a1f-e2dd-b5941eb622ba" executionId="0b5ec946-794d-471f-bd40-9c220e6b5814" testListId="8c84fa94-04c1-424b-9868-57a2d4851a1d" />
    <TestEntry testId="5f0e7425-3397-1783-3759-dd73e517248a" executionId="eeac429d-8b3f-4b2c-ad1e-38163af4da9a" testListId="8c84fa94-04c1-424b-9868-57a2d4851a1d" />
    <TestEntry testId="eb3ba2a7-f6f0-aab6-6f2d-06bb84cd55c8" executionId="dc7ec8b9-ecff-4660-a5ae-73b3d6340dea" testListId="8c84fa94-04c1-424b-9868-57a2d4851a1d" />
    <TestEntry testId="d3b9a468-89c4-82c5-3115-c6f7c633bfe4" executionId="9b53b27c-d414-41fc-a587-8668af3c8a06" testListId="8c84fa94-04c1-424b-9868-57a2d4851a1d" />
    <TestEntry testId="c7aec621-622d-43cc-4f8b-92e070d66439" executionId="552a15df-c780-4d3f-a648-bd3a21e28e27" testListId="8c84fa94-04c1-424b-9868-57a2d4851a1d" />
    <TestEntry testId="2b1328ac-b3bf-1aa1-00d6-457d80e55a2c" executionId="a08c0345-b3c4-437c-b0f8-6848869b37a4" testListId="8c84fa94-04c1-424b-9868-57a2d4851a1d" />
    <TestEntry testId="b97c3acc-f647-3140-55f5-d2fd6377c720" executionId="ac16ce9a-774f-4e62-8cf1-1a4778aeb08c" testListId="8c84fa94-04c1-424b-9868-57a2d4851a1d" />
    <TestEntry testId="00f23ad1-e98e-35f9-8ab8-0d93d6018196" executionId="9c240f5a-815d-4de2-a1df-1c0b93ea8ceb" testListId="8c84fa94-04c1-424b-9868-57a2d4851a1d" />
    <TestEntry testId="0dda09b7-d992-5131-00a3-be02ea7901c5" executionId="5fbbd04f-e23f-40df-9da1-c1608079a6f1" testListId="8c84fa94-04c1-424b-9868-57a2d4851a1d" />
    <TestEntry testId="9f17dc4e-7162-9017-8cd1-d70deddce983" executionId="3d94b688-4c27-411e-a125-961ec87eade3" testListId="8c84fa94-04c1-424b-9868-57a2d4851a1d" />
    <TestEntry testId="3aee60fa-d480-bfac-8d0f-39d06677ed75" executionId="9e379f53-ebc8-41db-96a7-dff159b90c1d" testListId="8c84fa94-04c1-424b-9868-57a2d4851a1d" />
    <TestEntry testId="c41b7287-a754-bbd9-8d99-74ea98d7007e" executionId="d0f4b640-6b58-4386-995a-ff5641c0b861" testListId="8c84fa94-04c1-424b-9868-57a2d4851a1d" />
    <TestEntry testId="9bdd241a-ecaf-bbab-4129-79daa0ebe8bb" executionId="56eb13cd-90e3-44a8-8d43-88402fc2b177" testListId="8c84fa94-04c1-424b-9868-57a2d4851a1d" />
    <TestEntry testId="8ca74d11-90ee-2ba5-ed82-f95ac98f11fc" executionId="1ac26162-1030-471c-9d2b-11f51ccc807e" testListId="8c84fa94-04c1-424b-9868-57a2d4851a1d" />
    <TestEntry testId="ec3e47f0-501d-471d-921b-da2fb36b273b" executionId="ed324499-863a-478a-b413-559181a2f644" testListId="8c84fa94-04c1-424b-9868-57a2d4851a1d" />
    <TestEntry testId="8a2713da-2f52-b8d3-0ea9-9bdb00aa25dc" executionId="b6e34fc7-0cb7-4754-9181-0d6799399ff6" testListId="8c84fa94-04c1-424b-9868-57a2d4851a1d" />
  </TestEntries>
  <TestLists>
    <TestList name="Results Not in a List" id="8c84fa94-04c1-424b-9868-57a2d4851a1d" />
    <TestList name="All Loaded Results" id="19431567-8539-422a-85d7-44ee4e166bda" />
  </TestLists>
  <ResultSummary outcome="Completed">
    <Counters total="23" executed="23" passed="23" failed="0" error="0" timeout="0" aborted="0" inconclusive="0" passedButRunAborted="0" notRunnable="0" notExecuted="0" disconnected="0" warning="0" completed="0" inProgress="0" pending="0" />
    <Output>
      <StdOut>[xUnit.net 00:00:00.00] xUnit.net VSTest Adapter v2.5.3.1+6b60a9e56a (64-bit .NET 8.0.8)&#xD;
[xUnit.net 00:00:01.10]   Discovering: Appilico.Market.UnitTests&#xD;
[xUnit.net 00:00:01.14]   Discovered:  Appilico.Market.UnitTests&#xD;
[xUnit.net 00:00:01.14]   Starting:    Appilico.Market.UnitTests&#xD;
[xUnit.net 00:00:04.59]   Finished:    Appilico.Market.UnitTests&#xD;
</StdOut>
    </Output>
  </ResultSummary>
</TestRun>