  Determining projects to restore...
C:\MyWorkspace\Appilico\Market\backend\src\Appilico.Market.Infrastructure\Appilico.Market.Infrastructure.csproj : warning NU1900: Error occurred while getting package vulnerability data: Unable to load the service index for source https://pkgs.dev.azure.com/ForestProductsCommission/AzureIntegrations/_packaging/Fpc.Ais/nuget/v3/index.json. [C:\MyWorkspace\Appilico\Market\backend\Appilico.Market.sln]
C:\MyWorkspace\Appilico\Market\backend\src\Appilico.Market.Application\Appilico.Market.Application.csproj : warning NU1900: Error occurred while getting package vulnerability data: Unable to load the service index for source https://pkgs.dev.azure.com/ForestProductsCommission/AzureIntegrations/_packaging/Fpc.Ais/nuget/v3/index.json. [C:\MyWorkspace\Appilico\Market\backend\Appilico.Market.sln]
C:\MyWorkspace\Appilico\Market\backend\src\Appilico.Market.Api\Appilico.Market.Api.csproj : warning NU1900: Error occurred while getting package vulnerability data: Unable to load the service index for source https://pkgs.dev.azure.com/ForestProductsCommission/AzureIntegrations/_packaging/Fpc.Ais/nuget/v3/index.json. [C:\MyWorkspace\Appilico\Market\backend\Appilico.Market.sln]
C:\MyWorkspace\Appilico\Market\backend\tests\Appilico.Market.UnitTests\Appilico.Market.UnitTests.csproj : warning NU1900: Error occurred while getting package vulnerability data: Unable to load the service index for source https://pkgs.dev.azure.com/ForestProductsCommission/AzureIntegrations/_packaging/Fpc.Ais/nuget/v3/index.json. [C:\MyWorkspace\Appilico\Market\backend\Appilico.Market.sln]
C:\MyWorkspace\Appilico\Market\backend\tests\Appilico.Market.IntegrationTests\Appilico.Market.IntegrationTests.csproj : warning NU1900: Error occurred while getting package vulnerability data: Unable to load the service index for source https://pkgs.dev.azure.com/ForestProductsCommission/AzureIntegrations/_packaging/Fpc.Ais/nuget/v3/index.json. [C:\MyWorkspace\Appilico\Market\backend\Appilico.Market.sln]
  All projects are up-to-date for restore.
C:\MyWorkspace\Appilico\Market\backend\src\Appilico.Market.Infrastructure\Appilico.Market.Infrastructure.csproj : warning NU1900: Error occurred while getting package vulnerability data: Unable to load the service index for source https://pkgs.dev.azure.com/ForestProductsCommission/AzureIntegrations/_packaging/Fpc.Ais/nuget/v3/index.json.
C:\MyWorkspace\Appilico\Market\backend\src\Appilico.Market.Application\Appilico.Market.Application.csproj : warning NU1900: Error occurred while getting package vulnerability data: Unable to load the service index for source https://pkgs.dev.azure.com/ForestProductsCommission/AzureIntegrations/_packaging/Fpc.Ais/nuget/v3/index.json.
C:\MyWorkspace\Appilico\Market\backend\tests\Appilico.Market.IntegrationTests\Appilico.Market.IntegrationTests.csproj : warning NU1900: Error occurred while getting package vulnerability data: Unable to load the service index for source https://pkgs.dev.azure.com/ForestProductsCommission/AzureIntegrations/_packaging/Fpc.Ais/nuget/v3/index.json.
C:\MyWorkspace\Appilico\Market\backend\tests\Appilico.Market.UnitTests\Appilico.Market.UnitTests.csproj : warning NU1900: Error occurred while getting package vulnerability data: Unable to load the service index for source https://pkgs.dev.azure.com/ForestProductsCommission/AzureIntegrations/_packaging/Fpc.Ais/nuget/v3/index.json.
C:\MyWorkspace\Appilico\Market\backend\src\Appilico.Market.Api\Appilico.Market.Api.csproj : warning NU1900: Error occurred while getting package vulnerability data: Unable to load the service index for source https://pkgs.dev.azure.com/ForestProductsCommission/AzureIntegrations/_packaging/Fpc.Ais/nuget/v3/index.json.
C:\MyWorkspace\Appilico\Market\backend\src\Appilico.Market.Domain\Auth\AppUser.cs(1,17): error CS0234: The type or namespace name 'AspNetCore' does not exist in the namespace 'Microsoft' (are you missing an assembly reference?) [C:\MyWorkspace\Appilico\Market\backend\src\Appilico.Market.Domain\Appilico.Market.Domain.csproj]
C:\MyWorkspace\Appilico\Market\backend\src\Appilico.Market.Domain\Auth\AppUser.cs(5,24): error CS0246: The type or namespace name 'IdentityUser' could not be found (are you missing a using directive or an assembly reference?) [C:\MyWorkspace\Appilico\Market\backend\src\Appilico.Market.Domain\Appilico.Market.Domain.csproj]

Build FAILED.

C:\MyWorkspace\Appilico\Market\backend\src\Appilico.Market.Infrastructure\Appilico.Market.Infrastructure.csproj : warning NU1900: Error occurred while getting package vulnerability data: Unable to load the service index for source https://pkgs.dev.azure.com/ForestProductsCommission/AzureIntegrations/_packaging/Fpc.Ais/nuget/v3/index.json. [C:\MyWorkspace\Appilico\Market\backend\Appilico.Market.sln]
C:\MyWorkspace\Appilico\Market\backend\src\Appilico.Market.Application\Appilico.Market.Application.csproj : warning NU1900: Error occurred while getting package vulnerability data: Unable to load the service index for source https://pkgs.dev.azure.com/ForestProductsCommission/AzureIntegrations/_packaging/Fpc.Ais/nuget/v3/index.json. [C:\MyWorkspace\Appilico\Market\backend\Appilico.Market.sln]
C:\MyWorkspace\Appilico\Market\backend\src\Appilico.Market.Api\Appilico.Market.Api.csproj : warning NU1900: Error occurred while getting package vulnerability data: Unable to load the service index for source https://pkgs.dev.azure.com/ForestProductsCommission/AzureIntegrations/_packaging/Fpc.Ais/nuget/v3/index.json. [C:\MyWorkspace\Appilico\Market\backend\Appilico.Market.sln]
C:\MyWorkspace\Appilico\Market\backend\tests\Appilico.Market.UnitTests\Appilico.Market.UnitTests.csproj : warning NU1900: Error occurred while getting package vulnerability data: Unable to load the service index for source https://pkgs.dev.azure.com/ForestProductsCommission/AzureIntegrations/_packaging/Fpc.Ais/nuget/v3/index.json. [C:\MyWorkspace\Appilico\Market\backend\Appilico.Market.sln]
C:\MyWorkspace\Appilico\Market\backend\tests\Appilico.Market.IntegrationTests\Appilico.Market.IntegrationTests.csproj : warning NU1900: Error occurred while getting package vulnerability data: Unable to load the service index for source https://pkgs.dev.azure.com/ForestProductsCommission/AzureIntegrations/_packaging/Fpc.Ais/nuget/v3/index.json. [C:\MyWorkspace\Appilico\Market\backend\Appilico.Market.sln]
C:\MyWorkspace\Appilico\Market\backend\src\Appilico.Market.Infrastructure\Appilico.Market.Infrastructure.csproj : warning NU1900: Error occurred while getting package vulnerability data: Unable to load the service index for source https://pkgs.dev.azure.com/ForestProductsCommission/AzureIntegrations/_packaging/Fpc.Ais/nuget/v3/index.json.
C:\MyWorkspace\Appilico\Market\backend\src\Appilico.Market.Application\Appilico.Market.Application.csproj : warning NU1900: Error occurred while getting package vulnerability data: Unable to load the service index for source https://pkgs.dev.azure.com/ForestProductsCommission/AzureIntegrations/_packaging/Fpc.Ais/nuget/v3/index.json.
C:\MyWorkspace\Appilico\Market\backend\tests\Appilico.Market.IntegrationTests\Appilico.Market.IntegrationTests.csproj : warning NU1900: Error occurred while getting package vulnerability data: Unable to load the service index for source https://pkgs.dev.azure.com/ForestProductsCommission/AzureIntegrations/_packaging/Fpc.Ais/nuget/v3/index.json.
C:\MyWorkspace\Appilico\Market\backend\tests\Appilico.Market.UnitTests\Appilico.Market.UnitTests.csproj : warning NU1900: Error occurred while getting package vulnerability data: Unable to load the service index for source https://pkgs.dev.azure.com/ForestProductsCommission/AzureIntegrations/_packaging/Fpc.Ais/nuget/v3/index.json.
C:\MyWorkspace\Appilico\Market\backend\src\Appilico.Market.Api\Appilico.Market.Api.csproj : warning NU1900: Error occurred while getting package vulnerability data: Unable to load the service index for source https://pkgs.dev.azure.com/ForestProductsCommission/AzureIntegrations/_packaging/Fpc.Ais/nuget/v3/index.json.
C:\MyWorkspace\Appilico\Market\backend\src\Appilico.Market.Domain\Auth\AppUser.cs(1,17): error CS0234: The type or namespace name 'AspNetCore' does not exist in the namespace 'Microsoft' (are you missing an assembly reference?) [C:\MyWorkspace\Appilico\Market\backend\src\Appilico.Market.Domain\Appilico.Market.Domain.csproj]
C:\MyWorkspace\Appilico\Market\backend\src\Appilico.Market.Domain\Auth\AppUser.cs(5,24): error CS0246: The type or namespace name 'IdentityUser' could not be found (are you missing a using directive or an assembly reference?) [C:\MyWorkspace\Appilico\Market\backend\src\Appilico.Market.Domain\Appilico.Market.Domain.csproj]
    10 Warning(s)
    2 Error(s)

Time Elapsed 00:00:01.47

Workload updates are available. Run `dotnet workload list` for more information.
